src/components/FeatureCard.tsx(27,10): error TS2769: No overload matches this call.
  Overload 1 of 2, '(props: { component: ElementType<any, keyof IntrinsicElements>; } & GridBaseProps & { sx?: SxProps<Theme> | undefined; } & SystemProps<...> & Omit<...>): Element | null', gave the following error.
    Property 'component' is missing in type '{ children: Element; item: true; xs: number; sm: number; md: number; }' but required in type '{ component: ElementType<any, keyof IntrinsicElements>; }'.
  Overload 2 of 2, '(props: DefaultComponentProps<GridTypeMap<{}, "div">>): Element | null', gave the following error.
    Type '{ children: Element; item: true; xs: number; sm: number; md: number; }' is not assignable to type 'IntrinsicAttributes & GridBaseProps & { sx?: SxProps<Theme> | undefined; } & SystemProps<Theme> & Omit<...>'.
      Property 'item' does not exist on type 'IntrinsicAttributes & GridBaseProps & { sx?: SxProps<Theme> | undefined; } & SystemProps<Theme> & Omit<...>'.
src/lib/notifications.ts(3,21): error TS7016: Could not find a declaration file for module 'web-push'. 'C:/Users/alwalid/Documents/cods/ss/su-st/node_modules/web-push/src/index.js' implicitly has an 'any' type.
  Try `npm i --save-dev @types/web-push` if it exists or add a new declaration (.d.ts) file containing `declare module 'web-push';`
src/lib/prisma.ts(28,40): error TS2345: Argument of type 'Pool' is not assignable to parameter of type 'PoolConfig'.
  Types of property 'options' are incompatible.
    Type 'PoolOptions' is not assignable to type 'string'.
src/lib/products-data.ts(165,27): error TS2820: Type '"  medium"' is not assignable to type '"low" | "medium" | "high" | "none"'. Did you mean '"medium"'?
src/middleware.ts(7,21): error TS2769: No overload matches this call.
  Overload 1 of 4, '(args_0: GetServerSidePropsContext): Promise<Session | null>', gave the following error.
    Argument of type '(req: NextAuthRequest) => NextResponse<unknown> | null' is not assignable to parameter of type 'GetServerSidePropsContext'.
  Overload 2 of 4, '(args_0: (req: NextAuthRequest, ctx: AppRouteHandlerFnContext) => void | Response | Promise<void | Response>): AppRouteHandlerFn', gave the following error.
    Argument of type '(req: NextAuthRequest) => NextResponse<unknown> | null' is not assignable to parameter of type '(req: NextAuthRequest, ctx: AppRouteHandlerFnContext) => void | Response | Promise<void | Response>'.
      Type 'NextResponse<unknown> | null' is not assignable to type 'void | Response | Promise<void | Response>'.
        Type 'null' is not assignable to type 'void | Response | Promise<void | Response>'.
